current directory: C:/Users/Charly/Documents/digimex-web/vendor/bundle/ruby/3.3.0/gems/wdm-0.2.0/ext/wdm
C:/Ruby33-x64/bin/ruby.exe extconf.rb
checking for -lkernel32... yes
checking for windows.h... yes
creating Makefile

current directory: C:/Users/Charly/Documents/digimex-web/vendor/bundle/ruby/3.3.0/gems/wdm-0.2.0/ext/wdm
make DESTDIR\= sitearchdir\=./.gem.20260730-1460-q06pjx sitelibdir\=./.gem.20260730-1460-q06pjx clean

current directory: C:/Users/Charly/Documents/digimex-web/vendor/bundle/ruby/3.3.0/gems/wdm-0.2.0/ext/wdm
make DESTDIR\= sitearchdir\=./.gem.20260730-1460-q06pjx sitelibdir\=./.gem.20260730-1460-q06pjx
generating wdm_ext-x64-mingw-ucrt.def
compiling entry.c
compiling memory.c
compiling monitor.c
compiling queue.c
compiling rb_change.c
compiling rb_monitor.c
compiling utils.c
compiling wdm.c
linking shared-object wdm_ext.so

current directory: C:/Users/Charly/Documents/digimex-web/vendor/bundle/ruby/3.3.0/gems/wdm-0.2.0/ext/wdm
make DESTDIR\= sitearchdir\=./.gem.20260730-1460-q06pjx sitelibdir\=./.gem.20260730-1460-q06pjx install
/usr/bin/install -c -m 0755 wdm_ext.so ./.gem.20260730-1460-q06pjx

current directory: C:/Users/Charly/Documents/digimex-web/vendor/bundle/ruby/3.3.0/gems/wdm-0.2.0/ext/wdm
make DESTDIR\= sitearchdir\=./.gem.20260730-1460-q06pjx sitelibdir\=./.gem.20260730-1460-q06pjx clean
